
Memory Configuration

Name             Origin             Length             Attributes
flash            0x08000000         0x00020000         xr
sram             0x20000000         0x00005000         xrw
*default*        0x00000000         0xffffffff

Linker script and memory map


.text           0x08000000       0xe0
 *(.vectors*)
 .vectors       0x08000000       0x20 startup.o
                0x08000000                vectors
 *(.text)
 .text          0x08000020       0x20 startup.o
                0x08000020                default_handler
                0x08000020                MM_Fault_Handler
                0x08000020                NMT_Handler
                0x08000020                H_fault__Handler
                0x08000020                Bus_Fault
                0x08000020                Usage_Fault_Handler
                0x08000030                reset_handler
 .text          0x08000040       0xa0 main.o
                0x08000040                NMI_Handler
                0x0800004c                H_fault_Handler
                0x08000058                main
 *(.rodata)
                0x080000e0                _E_text = .

.glue_7         0x080000e0        0x0
 .glue_7        0x00000000        0x0 linker stubs

.glue_7t        0x080000e0        0x0
 .glue_7t       0x00000000        0x0 linker stubs

.vfp11_veneer   0x080000e0        0x0
 .vfp11_veneer  0x00000000        0x0 linker stubs

.v4_bx          0x080000e0        0x0
 .v4_bx         0x00000000        0x0 linker stubs

.iplt           0x080000e0        0x0
 .iplt          0x00000000        0x0 startup.o

.rel.dyn        0x080000e0        0x0
 .rel.iplt      0x00000000        0x0 startup.o

.data           0x20000000        0x0 load address 0x080000e0
                0x20000000                _s_data = .
 *(.data*)
 .data          0x20000000        0x0 startup.o
 .data          0x20000000        0x0 main.o
                0x20000000                _E_data = .

.igot.plt       0x20000000        0x0 load address 0x080000e0
 .igot.plt      0x00000000        0x0 startup.o

.bss            0x20000000        0x0 load address 0x080000e0
                0x20000000                _s_bss = .
 *(.bss*)
 .bss           0x20000000        0x0 startup.o
 .bss           0x20000000        0x0 main.o
                0x20000000                _E_bss = .
LOAD startup.o
LOAD main.o
OUTPUT(lab2_with_arm_cortex-m3.elf elf32-littlearm)

.debug_info     0x00000000      0x153
 .debug_info    0x00000000       0x80 startup.o
 .debug_info    0x00000080       0xd3 main.o

.debug_abbrev   0x00000000       0xd9
 .debug_abbrev  0x00000000       0x58 startup.o
 .debug_abbrev  0x00000058       0x81 main.o

.debug_loc      0x00000000       0xe8
 .debug_loc     0x00000000       0x58 startup.o
 .debug_loc     0x00000058       0x90 main.o

.debug_aranges  0x00000000       0x40
 .debug_aranges
                0x00000000       0x20 startup.o
 .debug_aranges
                0x00000020       0x20 main.o

.debug_line     0x00000000       0xdd
 .debug_line    0x00000000       0x3e startup.o
 .debug_line    0x0000003e       0x9f main.o

.debug_str      0x00000000      0x102
 .debug_str     0x00000000       0x81 startup.o
                                 0x8e (size before relaxing)
 .debug_str     0x00000081       0x81 main.o
                                 0xfd (size before relaxing)

.comment        0x00000000       0x11
 .comment       0x00000000       0x11 startup.o
                                 0x12 (size before relaxing)
 .comment       0x00000000       0x12 main.o

.ARM.attributes
                0x00000000       0x30
 .ARM.attributes
                0x00000000       0x30 startup.o
 .ARM.attributes
                0x00000030       0x30 main.o

.debug_frame    0x00000000       0xb0
 .debug_frame   0x00000000       0x48 startup.o
 .debug_frame   0x00000048       0x68 main.o
